[2026-02-22 06:32:00] local.ERROR: Required @OA\PathItem() not found {"exception":"[object] (ErrorException(code: 0): Required @OA\\PathItem() not found at E:/Master_IFRI/STAGE/Conceptic.io/laravel-app/laravel-app/vendor/zircote/swagger-php/src/Loggers/DefaultLogger.php:23)
[stacktrace]
#0 E:/Master_IFRI/STAGE/Conceptic.io/laravel-app/laravel-app/vendor/laravel/framework/src/Illuminate/Foundation/Bootstrap/HandleExceptions.php(258): Illuminate/Foundation/Bootstrap/HandleExceptions->handleError()
#1 [internal function]: Illuminate/Foundation/Bootstrap/HandleExceptions->Illuminate/Foundation/Bootstrap/{closure}()
#2 E:/Master_IFRI/STAGE/Conceptic.io/laravel-app/laravel-app/vendor/zircote/swagger-php/src/Loggers/DefaultLogger.php(23): trigger_error()
#3 E:/Master_IFRI/STAGE/Conceptic.io/laravel-app/laravel-app/vendor/psr/log/src/LoggerTrait.php(61): OpenApi/Loggers/DefaultLogger->log()
#4 E:/Master_IFRI/STAGE/Conceptic.io/laravel-app/laravel-app/vendor/zircote/swagger-php/src/Annotations/OpenApi.php(178): Psr/Log/AbstractLogger->warning()
#5 E:/Master_IFRI/STAGE/Conceptic.io/laravel-app/laravel-app/vendor/zircote/swagger-php/src/Analysis.php(392): OpenApi/Annotations/OpenApi->validate()
#6 E:/Master_IFRI/STAGE/Conceptic.io/laravel-app/laravel-app/vendor/zircote/swagger-php/src/Generator.php(408): OpenApi/Analysis->validate()
#7 E:/Master_IFRI/STAGE/Conceptic.io/laravel-app/laravel-app/vendor/darkaonline/l5-swagger/src/Generator.php(177): OpenApi/Generator->generate()
#8 E:/Master_IFRI/STAGE/Conceptic.io/laravel-app/laravel-app/vendor/darkaonline/l5-swagger/src/Generator.php(118): L5Swagger/Generator->scanFilesForDocumentation()
#9 E:/Master_IFRI/STAGE/Conceptic.io/laravel-app/laravel-app/vendor/darkaonline/l5-swagger/src/Console/GenerateDocsCommand.php(73): L5Swagger/Generator->generateDocs()
#10 E:/Master_IFRI/STAGE/Conceptic.io/laravel-app/laravel-app/vendor/darkaonline/l5-swagger/src/Console/GenerateDocsCommand.php(56): L5Swagger/Console/GenerateDocsCommand->generateDocumentation()
#11 E:/Master_IFRI/STAGE/Conceptic.io/laravel-app/laravel-app/vendor/laravel/framework/src/Illuminate/Container/BoundMethod.php(36): L5Swagger/Console/GenerateDocsCommand->handle()
#12 E:/Master_IFRI/STAGE/Conceptic.io/laravel-app/laravel-app/vendor/laravel/framework/src/Illuminate/Container/Util.php(43): Illuminate/Container/BoundMethod::Illuminate/Container/{closure}()
#13 E:/Master_IFRI/STAGE/Conceptic.io/laravel-app/laravel-app/vendor/laravel/framework/src/Illuminate/Container/BoundMethod.php(95): Illuminate/Container/Util::unwrapIfClosure()
#14 E:/Master_IFRI/STAGE/Conceptic.io/laravel-app/laravel-app/vendor/laravel/framework/src/Illuminate/Container/BoundMethod.php(35): Illuminate/Container/BoundMethod::callBoundMethod()
#15 E:/Master_IFRI/STAGE/Conceptic.io/laravel-app/laravel-app/vendor/laravel/framework/src/Illuminate/Container/Container.php(696): Illuminate/Container/BoundMethod::call()
#16 E:/Master_IFRI/STAGE/Conceptic.io/laravel-app/laravel-app/vendor/laravel/framework/src/Illuminate/Console/Command.php(213): Illuminate/Container/Container->call()
#17 E:/Master_IFRI/STAGE/Conceptic.io/laravel-app/laravel-app/vendor/symfony/console/Command/Command.php(341): Illuminate/Console/Command->execute()
#18 E:/Master_IFRI/STAGE/Conceptic.io/laravel-app/laravel-app/vendor/laravel/framework/src/Illuminate/Console/Command.php(182): Symfony/Component/Console/Command/Command->run()
#19 E:/Master_IFRI/STAGE/Conceptic.io/laravel-app/laravel-app/vendor/symfony/console/Application.php(1102): Illuminate/Console/Command->run()
#20 E:/Master_IFRI/STAGE/Conceptic.io/laravel-app/laravel-app/vendor/symfony/console/Application.php(356): Symfony/Component/Console/Application->doRunCommand()
#21 E:/Master_IFRI/STAGE/Conceptic.io/laravel-app/laravel-app/vendor/symfony/console/Application.php(195): Symfony/Component/Console/Application->doRun()
#22 E:/Master_IFRI/STAGE/Conceptic.io/laravel-app/laravel-app/vendor/laravel/framework/src/Illuminate/Foundation/Console/Kernel.php(198): Symfony/Component/Console/Application->run()
#23 E:/Master_IFRI/STAGE/Conceptic.io/laravel-app/laravel-app/vendor/laravel/framework/src/Illuminate/Foundation/Application.php(1235): Illuminate/Foundation/Console/Kernel->handle()
#24 E:/Master_IFRI/STAGE/Conceptic.io/laravel-app/laravel-app/artisan(13): Illuminate/Foundation/Application->handleCommand()
#25 {main}
"} 
[2026-02-22 06:34:45] local.ERROR: Please provide a valid cache path. {"exception":"[object] (InvalidArgumentException(code: 0): Please provide a valid cache path. at E:/Master_IFRI/STAGE/Conceptic.io/laravel-app/laravel-app/vendor/laravel/framework/src/Illuminate/View/Compilers/Compiler.php:67)
[stacktrace]
#0 E:/Master_IFRI/STAGE/Conceptic.io/laravel-app/laravel-app/vendor/laravel/framework/src/Illuminate/View/ViewServiceProvider.php(97): Illuminate/View/Compilers/Compiler->__construct()
#1 E:/Master_IFRI/STAGE/Conceptic.io/laravel-app/laravel-app/vendor/laravel/framework/src/Illuminate/Container/Container.php(952): Illuminate/View/ViewServiceProvider->Illuminate/View/{closure}()
#2 E:/Master_IFRI/STAGE/Conceptic.io/laravel-app/laravel-app/vendor/laravel/framework/src/Illuminate/Container/Container.php(832): Illuminate/Container/Container->build()
#3 E:/Master_IFRI/STAGE/Conceptic.io/laravel-app/laravel-app/vendor/laravel/framework/src/Illuminate/Foundation/Application.php(1078): Illuminate/Container/Container->resolve()
#4 E:/Master_IFRI/STAGE/Conceptic.io/laravel-app/laravel-app/vendor/laravel/framework/src/Illuminate/Container/Container.php(763): Illuminate/Foundation/Application->resolve()
#5 E:/Master_IFRI/STAGE/Conceptic.io/laravel-app/laravel-app/vendor/laravel/framework/src/Illuminate/Foundation/Application.php(1058): Illuminate/Container/Container->make()
#6 E:/Master_IFRI/STAGE/Conceptic.io/laravel-app/laravel-app/vendor/laravel/framework/src/Illuminate/View/ViewServiceProvider.php(168): Illuminate/Foundation/Application->make()
#7 [internal function]: Illuminate/View/ViewServiceProvider->Illuminate/View/{closure}()
#8 E:/Master_IFRI/STAGE/Conceptic.io/laravel-app/laravel-app/vendor/laravel/framework/src/Illuminate/View/Engines/EngineResolver.php(55): call_user_func()
#9 E:/Master_IFRI/STAGE/Conceptic.io/laravel-app/laravel-app/vendor/laravel/framework/src/Illuminate/View/Factory.php(326): Illuminate/View/Engines/EngineResolver->resolve()
#10 E:/Master_IFRI/STAGE/Conceptic.io/laravel-app/laravel-app/vendor/laravel/framework/src/Illuminate/View/Factory.php(288): Illuminate/View/Factory->getEngineFromPath()
#11 E:/Master_IFRI/STAGE/Conceptic.io/laravel-app/laravel-app/vendor/laravel/framework/src/Illuminate/View/Factory.php(160): Illuminate/View/Factory->viewInstance()
#12 E:/Master_IFRI/STAGE/Conceptic.io/laravel-app/laravel-app/vendor/laravel/framework/src/Illuminate/Foundation/helpers.php(1062): Illuminate/View/Factory->make()
#13 E:/Master_IFRI/STAGE/Conceptic.io/laravel-app/laravel-app/vendor/darkaonline/l5-swagger/src/Http/Controllers/SwaggerController.php(118): view()
#14 E:/Master_IFRI/STAGE/Conceptic.io/laravel-app/laravel-app/vendor/laravel/framework/src/Illuminate/Routing/Controller.php(54): L5Swagger/Http/Controllers/SwaggerController->api()
#15 E:/Master_IFRI/STAGE/Conceptic.io/laravel-app/laravel-app/vendor/laravel/framework/src/Illuminate/Routing/ControllerDispatcher.php(44): Illuminate/Routing/Controller->callAction()
#16 E:/Master_IFRI/STAGE/Conceptic.io/laravel-app/laravel-app/vendor/laravel/framework/src/Illuminate/Routing/Route.php(266): Illuminate/Routing/ControllerDispatcher->dispatch()
#17 E:/Master_IFRI/STAGE/Conceptic.io/laravel-app/laravel-app/vendor/laravel/framework/src/Illuminate/Routing/Route.php(212): Illuminate/Routing/Route->runController()
#18 E:/Master_IFRI/STAGE/Conceptic.io/laravel-app/laravel-app/vendor/laravel/framework/src/Illuminate/Routing/Router.php(808): Illuminate/Routing/Route->run()
#19 E:/Master_IFRI/STAGE/Conceptic.io/laravel-app/laravel-app/vendor/laravel/framework/src/Illuminate/Pipeline/Pipeline.php(170): Illuminate/Routing/Router->Illuminate/Routing/{closure}()
#20 E:/Master_IFRI/STAGE/Conceptic.io/laravel-app/laravel-app/vendor/darkaonline/l5-swagger/src/Http/Middleware/Config.php(36): Illuminate/Pipeline/Pipeline->Illuminate/Pipeline/{closure}()
#21 E:/Master_IFRI/STAGE/Conceptic.io/laravel-app/laravel-app/vendor/laravel/framework/src/Illuminate/Pipeline/Pipeline.php(209): L5Swagger/Http/Middleware/Config->handle()
#22 E:/Master_IFRI/STAGE/Conceptic.io/laravel-app/laravel-app/vendor/laravel/framework/src/Illuminate/Pipeline/Pipeline.php(127): Illuminate/Pipeline/Pipeline->Illuminate/Pipeline/{closure}()
#23 E:/Master_IFRI/STAGE/Conceptic.io/laravel-app/laravel-app/vendor/laravel/framework/src/Illuminate/Routing/Router.php(807): Illuminate/Pipeline/Pipeline->then()
#24 E:/Master_IFRI/STAGE/Conceptic.io/laravel-app/laravel-app/vendor/laravel/framework/src/Illuminate/Routing/Router.php(786): Illuminate/Routing/Router->runRouteWithinStack()
#25 E:/Master_IFRI/STAGE/Conceptic.io/laravel-app/laravel-app/vendor/laravel/framework/src/Illuminate/Routing/Router.php(750): Illuminate/Routing/Router->runRoute()
#26 E:/Master_IFRI/STAGE/Conceptic.io/laravel-app/laravel-app/vendor/laravel/framework/src/Illuminate/Routing/Router.php(739): Illuminate/Routing/Router->dispatchToRoute()
#27 E:/Master_IFRI/STAGE/Conceptic.io/laravel-app/laravel-app/vendor/laravel/framework/src/Illuminate/Foundation/Http/Kernel.php(201): Illuminate/Routing/Router->dispatch()
#28 E:/Master_IFRI/STAGE/Conceptic.io/laravel-app/laravel-app/vendor/laravel/framework/src/Illuminate/Pipeline/Pipeline.php(170): Illuminate/Foundation/Http/Kernel->Illuminate/Foundation/Http/{closure}()
#29 E:/Master_IFRI/STAGE/Conceptic.io/laravel-app/laravel-app/vendor/laravel/framework/src/Illuminate/Foundation/Http/Middleware/TransformsRequest.php(21): Illuminate/Pipeline/Pipeline->Illuminate/Pipeline/{closure}()
#30 E:/Master_IFRI/STAGE/Conceptic.io/laravel-app/laravel-app/vendor/laravel/framework/src/Illuminate/Foundation/Http/Middleware/ConvertEmptyStringsToNull.php(31): Illuminate/Foundation/Http/Middleware/TransformsRequest->handle()
#31 E:/Master_IFRI/STAGE/Conceptic.io/laravel-app/laravel-app/vendor/laravel/framework/src/Illuminate/Pipeline/Pipeline.php(209): Illuminate/Foundation/Http/Middleware/ConvertEmptyStringsToNull->handle()
#32 E:/Master_IFRI/STAGE/Conceptic.io/laravel-app/laravel-app/vendor/laravel/framework/src/Illuminate/Foundation/Http/Middleware/TransformsRequest.php(21): Illuminate/Pipeline/Pipeline->Illuminate/Pipeline/{closure}()
#33 E:/Master_IFRI/STAGE/Conceptic.io/laravel-app/laravel-app/vendor/laravel/framework/src/Illuminate/Foundation/Http/Middleware/TrimStrings.php(51): Illuminate/Foundation/Http/Middleware/TransformsRequest->handle()
#34 E:/Master_IFRI/STAGE/Conceptic.io/laravel-app/laravel-app/vendor/laravel/framework/src/Illuminate/Pipeline/Pipeline.php(209): Illuminate/Foundation/Http/Middleware/TrimStrings->handle()
#35 E:/Master_IFRI/STAGE/Conceptic.io/laravel-app/laravel-app/vendor/laravel/framework/src/Illuminate/Http/Middleware/ValidatePostSize.php(27): Illuminate/Pipeline/Pipeline->Illuminate/Pipeline/{closure}()
#36 E:/Master_IFRI/STAGE/Conceptic.io/laravel-app/laravel-app/vendor/laravel/framework/src/Illuminate/Pipeline/Pipeline.php(209): Illuminate/Http/Middleware/ValidatePostSize->handle()
#37 E:/Master_IFRI/STAGE/Conceptic.io/laravel-app/laravel-app/vendor/laravel/framework/src/Illuminate/Foundation/Http/Middleware/PreventRequestsDuringMaintenance.php(110): Illuminate/Pipeline/Pipeline->Illuminate/Pipeline/{closure}()
#38 E:/Master_IFRI/STAGE/Conceptic.io/laravel-app/laravel-app/vendor/laravel/framework/src/Illuminate/Pipeline/Pipeline.php(209): Illuminate/Foundation/Http/Middleware/PreventRequestsDuringMaintenance->handle()
#39 E:/Master_IFRI/STAGE/Conceptic.io/laravel-app/laravel-app/vendor/laravel/framework/src/Illuminate/Http/Middleware/HandleCors.php(62): Illuminate/Pipeline/Pipeline->Illuminate/Pipeline/{closure}()
#40 E:/Master_IFRI/STAGE/Conceptic.io/laravel-app/laravel-app/vendor/laravel/framework/src/Illuminate/Pipeline/Pipeline.php(209): Illuminate/Http/Middleware/HandleCors->handle()
#41 E:/Master_IFRI/STAGE/Conceptic.io/laravel-app/laravel-app/vendor/laravel/framework/src/Illuminate/Http/Middleware/TrustProxies.php(58): Illuminate/Pipeline/Pipeline->Illuminate/Pipeline/{closure}()
#42 E:/Master_IFRI/STAGE/Conceptic.io/laravel-app/laravel-app/vendor/laravel/framework/src/Illuminate/Pipeline/Pipeline.php(209): Illuminate/Http/Middleware/TrustProxies->handle()
#43 E:/Master_IFRI/STAGE/Conceptic.io/laravel-app/laravel-app/vendor/laravel/framework/src/Illuminate/Foundation/Http/Middleware/InvokeDeferredCallbacks.php(22): Illuminate/Pipeline/Pipeline->Illuminate/Pipeline/{closure}()
#44 E:/Master_IFRI/STAGE/Conceptic.io/laravel-app/laravel-app/vendor/laravel/framework/src/Illuminate/Pipeline/Pipeline.php(209): Illuminate/Foundation/Http/Middleware/InvokeDeferredCallbacks->handle()
#45 E:/Master_IFRI/STAGE/Conceptic.io/laravel-app/laravel-app/vendor/laravel/framework/src/Illuminate/Pipeline/Pipeline.php(127): Illuminate/Pipeline/Pipeline->Illuminate/Pipeline/{closure}()
#46 E:/Master_IFRI/STAGE/Conceptic.io/laravel-app/laravel-app/vendor/laravel/framework/src/Illuminate/Foundation/Http/Kernel.php(176): Illuminate/Pipeline/Pipeline->then()
#47 E:/Master_IFRI/STAGE/Conceptic.io/laravel-app/laravel-app/vendor/laravel/framework/src/Illuminate/Foundation/Http/Kernel.php(145): Illuminate/Foundation/Http/Kernel->sendRequestThroughRouter()
#48 E:/Master_IFRI/STAGE/Conceptic.io/laravel-app/laravel-app/vendor/laravel/framework/src/Illuminate/Foundation/Application.php(1220): Illuminate/Foundation/Http/Kernel->handle()
#49 E:/Master_IFRI/STAGE/Conceptic.io/laravel-app/laravel-app/public/index.php(17): Illuminate/Foundation/Application->handleRequest()
#50 E:/Master_IFRI/STAGE/Conceptic.io/laravel-app/laravel-app/vendor/laravel/framework/src/Illuminate/Foundation/resources/server.php(23): require_once('...')
#51 {main}
"} 
[2026-02-22 06:37:18] local.ERROR: View path not found. {"exception":"[object] (RuntimeException(code: 0): View path not found. at E:/Master_IFRI/STAGE/Conceptic.io/laravel-app/laravel-app/vendor/laravel/framework/src/Illuminate/Foundation/Console/ViewClearCommand.php:59)
[stacktrace]
#0 E:/Master_IFRI/STAGE/Conceptic.io/laravel-app/laravel-app/vendor/laravel/framework/src/Illuminate/Container/BoundMethod.php(36): Illuminate/Foundation/Console/ViewClearCommand->handle()
#1 E:/Master_IFRI/STAGE/Conceptic.io/laravel-app/laravel-app/vendor/laravel/framework/src/Illuminate/Container/Util.php(43): Illuminate/Container/BoundMethod::Illuminate/Container/{closure}()
#2 E:/Master_IFRI/STAGE/Conceptic.io/laravel-app/laravel-app/vendor/laravel/framework/src/Illuminate/Container/BoundMethod.php(95): Illuminate/Container/Util::unwrapIfClosure()
#3 E:/Master_IFRI/STAGE/Conceptic.io/laravel-app/laravel-app/vendor/laravel/framework/src/Illuminate/Container/BoundMethod.php(35): Illuminate/Container/BoundMethod::callBoundMethod()
#4 E:/Master_IFRI/STAGE/Conceptic.io/laravel-app/laravel-app/vendor/laravel/framework/src/Illuminate/Container/Container.php(696): Illuminate/Container/BoundMethod::call()
#5 E:/Master_IFRI/STAGE/Conceptic.io/laravel-app/laravel-app/vendor/laravel/framework/src/Illuminate/Console/Command.php(213): Illuminate/Container/Container->call()
#6 E:/Master_IFRI/STAGE/Conceptic.io/laravel-app/laravel-app/vendor/symfony/console/Command/Command.php(341): Illuminate/Console/Command->execute()
#7 E:/Master_IFRI/STAGE/Conceptic.io/laravel-app/laravel-app/vendor/laravel/framework/src/Illuminate/Console/Command.php(182): Symfony/Component/Console/Command/Command->run()
#8 E:/Master_IFRI/STAGE/Conceptic.io/laravel-app/laravel-app/vendor/symfony/console/Application.php(1102): Illuminate/Console/Command->run()
#9 E:/Master_IFRI/STAGE/Conceptic.io/laravel-app/laravel-app/vendor/symfony/console/Application.php(356): Symfony/Component/Console/Application->doRunCommand()
#10 E:/Master_IFRI/STAGE/Conceptic.io/laravel-app/laravel-app/vendor/symfony/console/Application.php(195): Symfony/Component/Console/Application->doRun()
#11 E:/Master_IFRI/STAGE/Conceptic.io/laravel-app/laravel-app/vendor/laravel/framework/src/Illuminate/Foundation/Console/Kernel.php(198): Symfony/Component/Console/Application->run()
#12 E:/Master_IFRI/STAGE/Conceptic.io/laravel-app/laravel-app/vendor/laravel/framework/src/Illuminate/Foundation/Application.php(1235): Illuminate/Foundation/Console/Kernel->handle()
#13 E:/Master_IFRI/STAGE/Conceptic.io/laravel-app/laravel-app/artisan(13): Illuminate/Foundation/Application->handleCommand()
#14 {main}
"} 
[2026-02-22 06:43:44] local.ERROR: Please provide a valid cache path. {"exception":"[object] (InvalidArgumentException(code: 0): Please provide a valid cache path. at E:/Master_IFRI/STAGE/Conceptic.io/laravel-app/laravel-app/vendor/laravel/framework/src/Illuminate/View/Compilers/Compiler.php:67)
[stacktrace]
#0 E:/Master_IFRI/STAGE/Conceptic.io/laravel-app/laravel-app/vendor/laravel/framework/src/Illuminate/View/ViewServiceProvider.php(97): Illuminate/View/Compilers/Compiler->__construct()
#1 E:/Master_IFRI/STAGE/Conceptic.io/laravel-app/laravel-app/vendor/laravel/framework/src/Illuminate/Container/Container.php(952): Illuminate/View/ViewServiceProvider->Illuminate/View/{closure}()
#2 E:/Master_IFRI/STAGE/Conceptic.io/laravel-app/laravel-app/vendor/laravel/framework/src/Illuminate/Container/Container.php(832): Illuminate/Container/Container->build()
#3 E:/Master_IFRI/STAGE/Conceptic.io/laravel-app/laravel-app/vendor/laravel/framework/src/Illuminate/Foundation/Application.php(1078): Illuminate/Container/Container->resolve()
#4 E:/Master_IFRI/STAGE/Conceptic.io/laravel-app/laravel-app/vendor/laravel/framework/src/Illuminate/Container/Container.php(763): Illuminate/Foundation/Application->resolve()
#5 E:/Master_IFRI/STAGE/Conceptic.io/laravel-app/laravel-app/vendor/laravel/framework/src/Illuminate/Foundation/Application.php(1058): Illuminate/Container/Container->make()
#6 E:/Master_IFRI/STAGE/Conceptic.io/laravel-app/laravel-app/vendor/laravel/framework/src/Illuminate/View/ViewServiceProvider.php(168): Illuminate/Foundation/Application->make()
#7 [internal function]: Illuminate/View/ViewServiceProvider->Illuminate/View/{closure}()
#8 E:/Master_IFRI/STAGE/Conceptic.io/laravel-app/laravel-app/vendor/laravel/framework/src/Illuminate/View/Engines/EngineResolver.php(55): call_user_func()
#9 E:/Master_IFRI/STAGE/Conceptic.io/laravel-app/laravel-app/vendor/laravel/framework/src/Illuminate/View/Factory.php(326): Illuminate/View/Engines/EngineResolver->resolve()
#10 E:/Master_IFRI/STAGE/Conceptic.io/laravel-app/laravel-app/vendor/laravel/framework/src/Illuminate/View/Factory.php(288): Illuminate/View/Factory->getEngineFromPath()
#11 E:/Master_IFRI/STAGE/Conceptic.io/laravel-app/laravel-app/vendor/laravel/framework/src/Illuminate/View/Factory.php(160): Illuminate/View/Factory->viewInstance()
#12 E:/Master_IFRI/STAGE/Conceptic.io/laravel-app/laravel-app/vendor/laravel/framework/src/Illuminate/Foundation/helpers.php(1062): Illuminate/View/Factory->make()
#13 E:/Master_IFRI/STAGE/Conceptic.io/laravel-app/laravel-app/vendor/darkaonline/l5-swagger/src/Http/Controllers/SwaggerController.php(118): view()
#14 E:/Master_IFRI/STAGE/Conceptic.io/laravel-app/laravel-app/vendor/laravel/framework/src/Illuminate/Routing/Controller.php(54): L5Swagger/Http/Controllers/SwaggerController->api()
#15 E:/Master_IFRI/STAGE/Conceptic.io/laravel-app/laravel-app/vendor/laravel/framework/src/Illuminate/Routing/ControllerDispatcher.php(44): Illuminate/Routing/Controller->callAction()
#16 E:/Master_IFRI/STAGE/Conceptic.io/laravel-app/laravel-app/vendor/laravel/framework/src/Illuminate/Routing/Route.php(266): Illuminate/Routing/ControllerDispatcher->dispatch()
#17 E:/Master_IFRI/STAGE/Conceptic.io/laravel-app/laravel-app/vendor/laravel/framework/src/Illuminate/Routing/Route.php(212): Illuminate/Routing/Route->runController()
#18 E:/Master_IFRI/STAGE/Conceptic.io/laravel-app/laravel-app/vendor/laravel/framework/src/Illuminate/Routing/Router.php(808): Illuminate/Routing/Route->run()
#19 E:/Master_IFRI/STAGE/Conceptic.io/laravel-app/laravel-app/vendor/laravel/framework/src/Illuminate/Pipeline/Pipeline.php(170): Illuminate/Routing/Router->Illuminate/Routing/{closure}()
#20 E:/Master_IFRI/STAGE/Conceptic.io/laravel-app/laravel-app/vendor/darkaonline/l5-swagger/src/Http/Middleware/Config.php(36): Illuminate/Pipeline/Pipeline->Illuminate/Pipeline/{closure}()
#21 E:/Master_IFRI/STAGE/Conceptic.io/laravel-app/laravel-app/vendor/laravel/framework/src/Illuminate/Pipeline/Pipeline.php(209): L5Swagger/Http/Middleware/Config->handle()
#22 E:/Master_IFRI/STAGE/Conceptic.io/laravel-app/laravel-app/vendor/laravel/framework/src/Illuminate/Pipeline/Pipeline.php(127): Illuminate/Pipeline/Pipeline->Illuminate/Pipeline/{closure}()
#23 E:/Master_IFRI/STAGE/Conceptic.io/laravel-app/laravel-app/vendor/laravel/framework/src/Illuminate/Routing/Router.php(807): Illuminate/Pipeline/Pipeline->then()
#24 E:/Master_IFRI/STAGE/Conceptic.io/laravel-app/laravel-app/vendor/laravel/framework/src/Illuminate/Routing/Router.php(786): Illuminate/Routing/Router->runRouteWithinStack()
#25 E:/Master_IFRI/STAGE/Conceptic.io/laravel-app/laravel-app/vendor/laravel/framework/src/Illuminate/Routing/Router.php(750): Illuminate/Routing/Router->runRoute()
#26 E:/Master_IFRI/STAGE/Conceptic.io/laravel-app/laravel-app/vendor/laravel/framework/src/Illuminate/Routing/Router.php(739): Illuminate/Routing/Router->dispatchToRoute()
#27 E:/Master_IFRI/STAGE/Conceptic.io/laravel-app/laravel-app/vendor/laravel/framework/src/Illuminate/Foundation/Http/Kernel.php(201): Illuminate/Routing/Router->dispatch()
#28 E:/Master_IFRI/STAGE/Conceptic.io/laravel-app/laravel-app/vendor/laravel/framework/src/Illuminate/Pipeline/Pipeline.php(170): Illuminate/Foundation/Http/Kernel->Illuminate/Foundation/Http/{closure}()
#29 E:/Master_IFRI/STAGE/Conceptic.io/laravel-app/laravel-app/vendor/laravel/framework/src/Illuminate/Foundation/Http/Middleware/TransformsRequest.php(21): Illuminate/Pipeline/Pipeline->Illuminate/Pipeline/{closure}()
#30 E:/Master_IFRI/STAGE/Conceptic.io/laravel-app/laravel-app/vendor/laravel/framework/src/Illuminate/Foundation/Http/Middleware/ConvertEmptyStringsToNull.php(31): Illuminate/Foundation/Http/Middleware/TransformsRequest->handle()
#31 E:/Master_IFRI/STAGE/Conceptic.io/laravel-app/laravel-app/vendor/laravel/framework/src/Illuminate/Pipeline/Pipeline.php(209): Illuminate/Foundation/Http/Middleware/ConvertEmptyStringsToNull->handle()
#32 E:/Master_IFRI/STAGE/Conceptic.io/laravel-app/laravel-app/vendor/laravel/framework/src/Illuminate/Foundation/Http/Middleware/TransformsRequest.php(21): Illuminate/Pipeline/Pipeline->Illuminate/Pipeline/{closure}()
#33 E:/Master_IFRI/STAGE/Conceptic.io/laravel-app/laravel-app/vendor/laravel/framework/src/Illuminate/Foundation/Http/Middleware/TrimStrings.php(51): Illuminate/Foundation/Http/Middleware/TransformsRequest->handle()
#34 E:/Master_IFRI/STAGE/Conceptic.io/laravel-app/laravel-app/vendor/laravel/framework/src/Illuminate/Pipeline/Pipeline.php(209): Illuminate/Foundation/Http/Middleware/TrimStrings->handle()
#35 E:/Master_IFRI/STAGE/Conceptic.io/laravel-app/laravel-app/vendor/laravel/framework/src/Illuminate/Http/Middleware/ValidatePostSize.php(27): Illuminate/Pipeline/Pipeline->Illuminate/Pipeline/{closure}()
#36 E:/Master_IFRI/STAGE/Conceptic.io/laravel-app/laravel-app/vendor/laravel/framework/src/Illuminate/Pipeline/Pipeline.php(209): Illuminate/Http/Middleware/ValidatePostSize->handle()
#37 E:/Master_IFRI/STAGE/Conceptic.io/laravel-app/laravel-app/vendor/laravel/framework/src/Illuminate/Foundation/Http/Middleware/PreventRequestsDuringMaintenance.php(110): Illuminate/Pipeline/Pipeline->Illuminate/Pipeline/{closure}()
#38 E:/Master_IFRI/STAGE/Conceptic.io/laravel-app/laravel-app/vendor/laravel/framework/src/Illuminate/Pipeline/Pipeline.php(209): Illuminate/Foundation/Http/Middleware/PreventRequestsDuringMaintenance->handle()
#39 E:/Master_IFRI/STAGE/Conceptic.io/laravel-app/laravel-app/vendor/laravel/framework/src/Illuminate/Http/Middleware/HandleCors.php(62): Illuminate/Pipeline/Pipeline->Illuminate/Pipeline/{closure}()
#40 E:/Master_IFRI/STAGE/Conceptic.io/laravel-app/laravel-app/vendor/laravel/framework/src/Illuminate/Pipeline/Pipeline.php(209): Illuminate/Http/Middleware/HandleCors->handle()
#41 E:/Master_IFRI/STAGE/Conceptic.io/laravel-app/laravel-app/vendor/laravel/framework/src/Illuminate/Http/Middleware/TrustProxies.php(58): Illuminate/Pipeline/Pipeline->Illuminate/Pipeline/{closure}()
#42 E:/Master_IFRI/STAGE/Conceptic.io/laravel-app/laravel-app/vendor/laravel/framework/src/Illuminate/Pipeline/Pipeline.php(209): Illuminate/Http/Middleware/TrustProxies->handle()
#43 E:/Master_IFRI/STAGE/Conceptic.io/laravel-app/laravel-app/vendor/laravel/framework/src/Illuminate/Foundation/Http/Middleware/InvokeDeferredCallbacks.php(22): Illuminate/Pipeline/Pipeline->Illuminate/Pipeline/{closure}()
#44 E:/Master_IFRI/STAGE/Conceptic.io/laravel-app/laravel-app/vendor/laravel/framework/src/Illuminate/Pipeline/Pipeline.php(209): Illuminate/Foundation/Http/Middleware/InvokeDeferredCallbacks->handle()
#45 E:/Master_IFRI/STAGE/Conceptic.io/laravel-app/laravel-app/vendor/laravel/framework/src/Illuminate/Pipeline/Pipeline.php(127): Illuminate/Pipeline/Pipeline->Illuminate/Pipeline/{closure}()
#46 E:/Master_IFRI/STAGE/Conceptic.io/laravel-app/laravel-app/vendor/laravel/framework/src/Illuminate/Foundation/Http/Kernel.php(176): Illuminate/Pipeline/Pipeline->then()
#47 E:/Master_IFRI/STAGE/Conceptic.io/laravel-app/laravel-app/vendor/laravel/framework/src/Illuminate/Foundation/Http/Kernel.php(145): Illuminate/Foundation/Http/Kernel->sendRequestThroughRouter()
#48 E:/Master_IFRI/STAGE/Conceptic.io/laravel-app/laravel-app/vendor/laravel/framework/src/Illuminate/Foundation/Application.php(1220): Illuminate/Foundation/Http/Kernel->handle()
#49 E:/Master_IFRI/STAGE/Conceptic.io/laravel-app/laravel-app/public/index.php(17): Illuminate/Foundation/Application->handleRequest()
#50 E:/Master_IFRI/STAGE/Conceptic.io/laravel-app/laravel-app/vendor/laravel/framework/src/Illuminate/Foundation/resources/server.php(23): require_once('...')
#51 {main}
"} 
[2026-02-22 06:43:51] local.ERROR: Please provide a valid cache path. {"exception":"[object] (InvalidArgumentException(code: 0): Please provide a valid cache path. at E:/Master_IFRI/STAGE/Conceptic.io/laravel-app/laravel-app/vendor/laravel/framework/src/Illuminate/View/Compilers/Compiler.php:67)
[stacktrace]
#0 E:/Master_IFRI/STAGE/Conceptic.io/laravel-app/laravel-app/vendor/laravel/framework/src/Illuminate/View/ViewServiceProvider.php(97): Illuminate/View/Compilers/Compiler->__construct()
#1 E:/Master_IFRI/STAGE/Conceptic.io/laravel-app/laravel-app/vendor/laravel/framework/src/Illuminate/Container/Container.php(952): Illuminate/View/ViewServiceProvider->Illuminate/View/{closure}()
#2 E:/Master_IFRI/STAGE/Conceptic.io/laravel-app/laravel-app/vendor/laravel/framework/src/Illuminate/Container/Container.php(832): Illuminate/Container/Container->build()
#3 E:/Master_IFRI/STAGE/Conceptic.io/laravel-app/laravel-app/vendor/laravel/framework/src/Illuminate/Foundation/Application.php(1078): Illuminate/Container/Container->resolve()
#4 E:/Master_IFRI/STAGE/Conceptic.io/laravel-app/laravel-app/vendor/laravel/framework/src/Illuminate/Container/Container.php(763): Illuminate/Foundation/Application->resolve()
#5 E:/Master_IFRI/STAGE/Conceptic.io/laravel-app/laravel-app/vendor/laravel/framework/src/Illuminate/Foundation/Application.php(1058): Illuminate/Container/Container->make()
#6 E:/Master_IFRI/STAGE/Conceptic.io/laravel-app/laravel-app/vendor/laravel/framework/src/Illuminate/View/ViewServiceProvider.php(168): Illuminate/Foundation/Application->make()
#7 [internal function]: Illuminate/View/ViewServiceProvider->Illuminate/View/{closure}()
#8 E:/Master_IFRI/STAGE/Conceptic.io/laravel-app/laravel-app/vendor/laravel/framework/src/Illuminate/View/Engines/EngineResolver.php(55): call_user_func()
#9 E:/Master_IFRI/STAGE/Conceptic.io/laravel-app/laravel-app/vendor/laravel/framework/src/Illuminate/View/Factory.php(326): Illuminate/View/Engines/EngineResolver->resolve()
#10 E:/Master_IFRI/STAGE/Conceptic.io/laravel-app/laravel-app/vendor/laravel/framework/src/Illuminate/View/Factory.php(288): Illuminate/View/Factory->getEngineFromPath()
#11 E:/Master_IFRI/STAGE/Conceptic.io/laravel-app/laravel-app/vendor/laravel/framework/src/Illuminate/View/Factory.php(160): Illuminate/View/Factory->viewInstance()
#12 E:/Master_IFRI/STAGE/Conceptic.io/laravel-app/laravel-app/vendor/laravel/framework/src/Illuminate/Foundation/helpers.php(1062): Illuminate/View/Factory->make()
#13 E:/Master_IFRI/STAGE/Conceptic.io/laravel-app/laravel-app/vendor/darkaonline/l5-swagger/src/Http/Controllers/SwaggerController.php(118): view()
#14 E:/Master_IFRI/STAGE/Conceptic.io/laravel-app/laravel-app/vendor/laravel/framework/src/Illuminate/Routing/Controller.php(54): L5Swagger/Http/Controllers/SwaggerController->api()
#15 E:/Master_IFRI/STAGE/Conceptic.io/laravel-app/laravel-app/vendor/laravel/framework/src/Illuminate/Routing/ControllerDispatcher.php(44): Illuminate/Routing/Controller->callAction()
#16 E:/Master_IFRI/STAGE/Conceptic.io/laravel-app/laravel-app/vendor/laravel/framework/src/Illuminate/Routing/Route.php(266): Illuminate/Routing/ControllerDispatcher->dispatch()
#17 E:/Master_IFRI/STAGE/Conceptic.io/laravel-app/laravel-app/vendor/laravel/framework/src/Illuminate/Routing/Route.php(212): Illuminate/Routing/Route->runController()
#18 E:/Master_IFRI/STAGE/Conceptic.io/laravel-app/laravel-app/vendor/laravel/framework/src/Illuminate/Routing/Router.php(808): Illuminate/Routing/Route->run()
#19 E:/Master_IFRI/STAGE/Conceptic.io/laravel-app/laravel-app/vendor/laravel/framework/src/Illuminate/Pipeline/Pipeline.php(170): Illuminate/Routing/Router->Illuminate/Routing/{closure}()
#20 E:/Master_IFRI/STAGE/Conceptic.io/laravel-app/laravel-app/vendor/darkaonline/l5-swagger/src/Http/Middleware/Config.php(36): Illuminate/Pipeline/Pipeline->Illuminate/Pipeline/{closure}()
#21 E:/Master_IFRI/STAGE/Conceptic.io/laravel-app/laravel-app/vendor/laravel/framework/src/Illuminate/Pipeline/Pipeline.php(209): L5Swagger/Http/Middleware/Config->handle()
#22 E:/Master_IFRI/STAGE/Conceptic.io/laravel-app/laravel-app/vendor/laravel/framework/src/Illuminate/Pipeline/Pipeline.php(127): Illuminate/Pipeline/Pipeline->Illuminate/Pipeline/{closure}()
#23 E:/Master_IFRI/STAGE/Conceptic.io/laravel-app/laravel-app/vendor/laravel/framework/src/Illuminate/Routing/Router.php(807): Illuminate/Pipeline/Pipeline->then()
#24 E:/Master_IFRI/STAGE/Conceptic.io/laravel-app/laravel-app/vendor/laravel/framework/src/Illuminate/Routing/Router.php(786): Illuminate/Routing/Router->runRouteWithinStack()
#25 E:/Master_IFRI/STAGE/Conceptic.io/laravel-app/laravel-app/vendor/laravel/framework/src/Illuminate/Routing/Router.php(750): Illuminate/Routing/Router->runRoute()
#26 E:/Master_IFRI/STAGE/Conceptic.io/laravel-app/laravel-app/vendor/laravel/framework/src/Illuminate/Routing/Router.php(739): Illuminate/Routing/Router->dispatchToRoute()
#27 E:/Master_IFRI/STAGE/Conceptic.io/laravel-app/laravel-app/vendor/laravel/framework/src/Illuminate/Foundation/Http/Kernel.php(201): Illuminate/Routing/Router->dispatch()
#28 E:/Master_IFRI/STAGE/Conceptic.io/laravel-app/laravel-app/vendor/laravel/framework/src/Illuminate/Pipeline/Pipeline.php(170): Illuminate/Foundation/Http/Kernel->Illuminate/Foundation/Http/{closure}()
#29 E:/Master_IFRI/STAGE/Conceptic.io/laravel-app/laravel-app/vendor/laravel/framework/src/Illuminate/Foundation/Http/Middleware/TransformsRequest.php(21): Illuminate/Pipeline/Pipeline->Illuminate/Pipeline/{closure}()
#30 E:/Master_IFRI/STAGE/Conceptic.io/laravel-app/laravel-app/vendor/laravel/framework/src/Illuminate/Foundation/Http/Middleware/ConvertEmptyStringsToNull.php(31): Illuminate/Foundation/Http/Middleware/TransformsRequest->handle()
#31 E:/Master_IFRI/STAGE/Conceptic.io/laravel-app/laravel-app/vendor/laravel/framework/src/Illuminate/Pipeline/Pipeline.php(209): Illuminate/Foundation/Http/Middleware/ConvertEmptyStringsToNull->handle()
#32 E:/Master_IFRI/STAGE/Conceptic.io/laravel-app/laravel-app/vendor/laravel/framework/src/Illuminate/Foundation/Http/Middleware/TransformsRequest.php(21): Illuminate/Pipeline/Pipeline->Illuminate/Pipeline/{closure}()
#33 E:/Master_IFRI/STAGE/Conceptic.io/laravel-app/laravel-app/vendor/laravel/framework/src/Illuminate/Foundation/Http/Middleware/TrimStrings.php(51): Illuminate/Foundation/Http/Middleware/TransformsRequest->handle()
#34 E:/Master_IFRI/STAGE/Conceptic.io/laravel-app/laravel-app/vendor/laravel/framework/src/Illuminate/Pipeline/Pipeline.php(209): Illuminate/Foundation/Http/Middleware/TrimStrings->handle()
#35 E:/Master_IFRI/STAGE/Conceptic.io/laravel-app/laravel-app/vendor/laravel/framework/src/Illuminate/Http/Middleware/ValidatePostSize.php(27): Illuminate/Pipeline/Pipeline->Illuminate/Pipeline/{closure}()
#36 E:/Master_IFRI/STAGE/Conceptic.io/laravel-app/laravel-app/vendor/laravel/framework/src/Illuminate/Pipeline/Pipeline.php(209): Illuminate/Http/Middleware/ValidatePostSize->handle()
#37 E:/Master_IFRI/STAGE/Conceptic.io/laravel-app/laravel-app/vendor/laravel/framework/src/Illuminate/Foundation/Http/Middleware/PreventRequestsDuringMaintenance.php(110): Illuminate/Pipeline/Pipeline->Illuminate/Pipeline/{closure}()
#38 E:/Master_IFRI/STAGE/Conceptic.io/laravel-app/laravel-app/vendor/laravel/framework/src/Illuminate/Pipeline/Pipeline.php(209): Illuminate/Foundation/Http/Middleware/PreventRequestsDuringMaintenance->handle()
#39 E:/Master_IFRI/STAGE/Conceptic.io/laravel-app/laravel-app/vendor/laravel/framework/src/Illuminate/Http/Middleware/HandleCors.php(62): Illuminate/Pipeline/Pipeline->Illuminate/Pipeline/{closure}()
#40 E:/Master_IFRI/STAGE/Conceptic.io/laravel-app/laravel-app/vendor/laravel/framework/src/Illuminate/Pipeline/Pipeline.php(209): Illuminate/Http/Middleware/HandleCors->handle()
#41 E:/Master_IFRI/STAGE/Conceptic.io/laravel-app/laravel-app/vendor/laravel/framework/src/Illuminate/Http/Middleware/TrustProxies.php(58): Illuminate/Pipeline/Pipeline->Illuminate/Pipeline/{closure}()
#42 E:/Master_IFRI/STAGE/Conceptic.io/laravel-app/laravel-app/vendor/laravel/framework/src/Illuminate/Pipeline/Pipeline.php(209): Illuminate/Http/Middleware/TrustProxies->handle()
#43 E:/Master_IFRI/STAGE/Conceptic.io/laravel-app/laravel-app/vendor/laravel/framework/src/Illuminate/Foundation/Http/Middleware/InvokeDeferredCallbacks.php(22): Illuminate/Pipeline/Pipeline->Illuminate/Pipeline/{closure}()
#44 E:/Master_IFRI/STAGE/Conceptic.io/laravel-app/laravel-app/vendor/laravel/framework/src/Illuminate/Pipeline/Pipeline.php(209): Illuminate/Foundation/Http/Middleware/InvokeDeferredCallbacks->handle()
#45 E:/Master_IFRI/STAGE/Conceptic.io/laravel-app/laravel-app/vendor/laravel/framework/src/Illuminate/Pipeline/Pipeline.php(127): Illuminate/Pipeline/Pipeline->Illuminate/Pipeline/{closure}()
#46 E:/Master_IFRI/STAGE/Conceptic.io/laravel-app/laravel-app/vendor/laravel/framework/src/Illuminate/Foundation/Http/Kernel.php(176): Illuminate/Pipeline/Pipeline->then()
#47 E:/Master_IFRI/STAGE/Conceptic.io/laravel-app/laravel-app/vendor/laravel/framework/src/Illuminate/Foundation/Http/Kernel.php(145): Illuminate/Foundation/Http/Kernel->sendRequestThroughRouter()
#48 E:/Master_IFRI/STAGE/Conceptic.io/laravel-app/laravel-app/vendor/laravel/framework/src/Illuminate/Foundation/Application.php(1220): Illuminate/Foundation/Http/Kernel->handle()
#49 E:/Master_IFRI/STAGE/Conceptic.io/laravel-app/laravel-app/public/index.php(17): Illuminate/Foundation/Application->handleRequest()
#50 E:/Master_IFRI/STAGE/Conceptic.io/laravel-app/laravel-app/vendor/laravel/framework/src/Illuminate/Foundation/resources/server.php(23): require_once('...')
#51 {main}
"} 
[2026-02-22 06:47:59] local.ERROR: Please provide a valid cache path. {"exception":"[object] (InvalidArgumentException(code: 0): Please provide a valid cache path. at E:/Master_IFRI/STAGE/Conceptic.io/laravel-app/laravel-app/vendor/laravel/framework/src/Illuminate/View/Compilers/Compiler.php:67)
[stacktrace]
#0 E:/Master_IFRI/STAGE/Conceptic.io/laravel-app/laravel-app/vendor/laravel/framework/src/Illuminate/View/ViewServiceProvider.php(97): Illuminate/View/Compilers/Compiler->__construct()
#1 E:/Master_IFRI/STAGE/Conceptic.io/laravel-app/laravel-app/vendor/laravel/framework/src/Illuminate/Container/Container.php(952): Illuminate/View/ViewServiceProvider->Illuminate/View/{closure}()
#2 E:/Master_IFRI/STAGE/Conceptic.io/laravel-app/laravel-app/vendor/laravel/framework/src/Illuminate/Container/Container.php(832): Illuminate/Container/Container->build()
#3 E:/Master_IFRI/STAGE/Conceptic.io/laravel-app/laravel-app/vendor/laravel/framework/src/Illuminate/Foundation/Application.php(1078): Illuminate/Container/Container->resolve()
#4 E:/Master_IFRI/STAGE/Conceptic.io/laravel-app/laravel-app/vendor/laravel/framework/src/Illuminate/Container/Container.php(763): Illuminate/Foundation/Application->resolve()
#5 E:/Master_IFRI/STAGE/Conceptic.io/laravel-app/laravel-app/vendor/laravel/framework/src/Illuminate/Foundation/Application.php(1058): Illuminate/Container/Container->make()
#6 E:/Master_IFRI/STAGE/Conceptic.io/laravel-app/laravel-app/vendor/laravel/framework/src/Illuminate/View/ViewServiceProvider.php(168): Illuminate/Foundation/Application->make()
#7 [internal function]: Illuminate/View/ViewServiceProvider->Illuminate/View/{closure}()
#8 E:/Master_IFRI/STAGE/Conceptic.io/laravel-app/laravel-app/vendor/laravel/framework/src/Illuminate/View/Engines/EngineResolver.php(55): call_user_func()
#9 E:/Master_IFRI/STAGE/Conceptic.io/laravel-app/laravel-app/vendor/laravel/framework/src/Illuminate/View/Factory.php(326): Illuminate/View/Engines/EngineResolver->resolve()
#10 E:/Master_IFRI/STAGE/Conceptic.io/laravel-app/laravel-app/vendor/laravel/framework/src/Illuminate/View/Factory.php(288): Illuminate/View/Factory->getEngineFromPath()
#11 E:/Master_IFRI/STAGE/Conceptic.io/laravel-app/laravel-app/vendor/laravel/framework/src/Illuminate/View/Factory.php(160): Illuminate/View/Factory->viewInstance()
#12 E:/Master_IFRI/STAGE/Conceptic.io/laravel-app/laravel-app/vendor/laravel/framework/src/Illuminate/Routing/ResponseFactory.php(90): Illuminate/View/Factory->make()
#13 E:/Master_IFRI/STAGE/Conceptic.io/laravel-app/laravel-app/vendor/laravel/framework/src/Illuminate/Foundation/Exceptions/Handler.php(894): Illuminate/Routing/ResponseFactory->view()
#14 E:/Master_IFRI/STAGE/Conceptic.io/laravel-app/laravel-app/vendor/laravel/framework/src/Illuminate/Foundation/Exceptions/Handler.php(815): Illuminate/Foundation/Exceptions/Handler->renderHttpException()
#15 E:/Master_IFRI/STAGE/Conceptic.io/laravel-app/laravel-app/vendor/laravel/framework/src/Illuminate/Foundation/Exceptions/Handler.php(706): Illuminate/Foundation/Exceptions/Handler->prepareResponse()
#16 E:/Master_IFRI/STAGE/Conceptic.io/laravel-app/laravel-app/vendor/laravel/framework/src/Illuminate/Foundation/Exceptions/Handler.php(594): Illuminate/Foundation/Exceptions/Handler->renderExceptionResponse()
#17 E:/Master_IFRI/STAGE/Conceptic.io/laravel-app/laravel-app/vendor/laravel/framework/src/Illuminate/Routing/Pipeline.php(51): Illuminate/Foundation/Exceptions/Handler->render()
#18 E:/Master_IFRI/STAGE/Conceptic.io/laravel-app/laravel-app/vendor/laravel/framework/src/Illuminate/Pipeline/Pipeline.php(172): Illuminate/Routing/Pipeline->handleException()
#19 E:/Master_IFRI/STAGE/Conceptic.io/laravel-app/laravel-app/vendor/darkaonline/l5-swagger/src/Http/Middleware/Config.php(36): Illuminate/Pipeline/Pipeline->Illuminate/Pipeline/{closure}()
#20 E:/Master_IFRI/STAGE/Conceptic.io/laravel-app/laravel-app/vendor/laravel/framework/src/Illuminate/Pipeline/Pipeline.php(209): L5Swagger/Http/Middleware/Config->handle()
#21 E:/Master_IFRI/STAGE/Conceptic.io/laravel-app/laravel-app/vendor/laravel/framework/src/Illuminate/Pipeline/Pipeline.php(127): Illuminate/Pipeline/Pipeline->Illuminate/Pipeline/{closure}()
#22 E:/Master_IFRI/STAGE/Conceptic.io/laravel-app/laravel-app/vendor/laravel/framework/src/Illuminate/Routing/Router.php(807): Illuminate/Pipeline/Pipeline->then()
#23 E:/Master_IFRI/STAGE/Conceptic.io/laravel-app/laravel-app/vendor/laravel/framework/src/Illuminate/Routing/Router.php(786): Illuminate/Routing/Router->runRouteWithinStack()
#24 E:/Master_IFRI/STAGE/Conceptic.io/laravel-app/laravel-app/vendor/laravel/framework/src/Illuminate/Routing/Router.php(750): Illuminate/Routing/Router->runRoute()
#25 E:/Master_IFRI/STAGE/Conceptic.io/laravel-app/laravel-app/vendor/laravel/framework/src/Illuminate/Routing/Router.php(739): Illuminate/Routing/Router->dispatchToRoute()
#26 E:/Master_IFRI/STAGE/Conceptic.io/laravel-app/laravel-app/vendor/laravel/framework/src/Illuminate/Foundation/Http/Kernel.php(201): Illuminate/Routing/Router->dispatch()
#27 E:/Master_IFRI/STAGE/Conceptic.io/laravel-app/laravel-app/vendor/laravel/framework/src/Illuminate/Pipeline/Pipeline.php(170): Illuminate/Foundation/Http/Kernel->Illuminate/Foundation/Http/{closure}()
#28 E:/Master_IFRI/STAGE/Conceptic.io/laravel-app/laravel-app/vendor/laravel/framework/src/Illuminate/Foundation/Http/Middleware/TransformsRequest.php(21): Illuminate/Pipeline/Pipeline->Illuminate/Pipeline/{closure}()
#29 E:/Master_IFRI/STAGE/Conceptic.io/laravel-app/laravel-app/vendor/laravel/framework/src/Illuminate/Foundation/Http/Middleware/ConvertEmptyStringsToNull.php(31): Illuminate/Foundation/Http/Middleware/TransformsRequest->handle()
#30 E:/Master_IFRI/STAGE/Conceptic.io/laravel-app/laravel-app/vendor/laravel/framework/src/Illuminate/Pipeline/Pipeline.php(209): Illuminate/Foundation/Http/Middleware/ConvertEmptyStringsToNull->handle()
#31 E:/Master_IFRI/STAGE/Conceptic.io/laravel-app/laravel-app/vendor/laravel/framework/src/Illuminate/Foundation/Http/Middleware/TransformsRequest.php(21): Illuminate/Pipeline/Pipeline->Illuminate/Pipeline/{closure}()
#32 E:/Master_IFRI/STAGE/Conceptic.io/laravel-app/laravel-app/vendor/laravel/framework/src/Illuminate/Foundation/Http/Middleware/TrimStrings.php(51): Illuminate/Foundation/Http/Middleware/TransformsRequest->handle()
#33 E:/Master_IFRI/STAGE/Conceptic.io/laravel-app/laravel-app/vendor/laravel/framework/src/Illuminate/Pipeline/Pipeline.php(209): Illuminate/Foundation/Http/Middleware/TrimStrings->handle()
#34 E:/Master_IFRI/STAGE/Conceptic.io/laravel-app/laravel-app/vendor/laravel/framework/src/Illuminate/Http/Middleware/ValidatePostSize.php(27): Illuminate/Pipeline/Pipeline->Illuminate/Pipeline/{closure}()
#35 E:/Master_IFRI/STAGE/Conceptic.io/laravel-app/laravel-app/vendor/laravel/framework/src/Illuminate/Pipeline/Pipeline.php(209): Illuminate/Http/Middleware/ValidatePostSize->handle()
#36 E:/Master_IFRI/STAGE/Conceptic.io/laravel-app/laravel-app/vendor/laravel/framework/src/Illuminate/Foundation/Http/Middleware/PreventRequestsDuringMaintenance.php(110): Illuminate/Pipeline/Pipeline->Illuminate/Pipeline/{closure}()
#37 E:/Master_IFRI/STAGE/Conceptic.io/laravel-app/laravel-app/vendor/laravel/framework/src/Illuminate/Pipeline/Pipeline.php(209): Illuminate/Foundation/Http/Middleware/PreventRequestsDuringMaintenance->handle()
#38 E:/Master_IFRI/STAGE/Conceptic.io/laravel-app/laravel-app/vendor/laravel/framework/src/Illuminate/Http/Middleware/HandleCors.php(49): Illuminate/Pipeline/Pipeline->Illuminate/Pipeline/{closure}()
#39 E:/Master_IFRI/STAGE/Conceptic.io/laravel-app/laravel-app/vendor/laravel/framework/src/Illuminate/Pipeline/Pipeline.php(209): Illuminate/Http/Middleware/HandleCors->handle()
#40 E:/Master_IFRI/STAGE/Conceptic.io/laravel-app/laravel-app/vendor/laravel/framework/src/Illuminate/Http/Middleware/TrustProxies.php(58): Illuminate/Pipeline/Pipeline->Illuminate/Pipeline/{closure}()
#41 E:/Master_IFRI/STAGE/Conceptic.io/laravel-app/laravel-app/vendor/laravel/framework/src/Illuminate/Pipeline/Pipeline.php(209): Illuminate/Http/Middleware/TrustProxies->handle()
#42 E:/Master_IFRI/STAGE/Conceptic.io/laravel-app/laravel-app/vendor/laravel/framework/src/Illuminate/Foundation/Http/Middleware/InvokeDeferredCallbacks.php(22): Illuminate/Pipeline/Pipeline->Illuminate/Pipeline/{closure}()
#43 E:/Master_IFRI/STAGE/Conceptic.io/laravel-app/laravel-app/vendor/laravel/framework/src/Illuminate/Pipeline/Pipeline.php(209): Illuminate/Foundation/Http/Middleware/InvokeDeferredCallbacks->handle()
#44 E:/Master_IFRI/STAGE/Conceptic.io/laravel-app/laravel-app/vendor/laravel/framework/src/Illuminate/Pipeline/Pipeline.php(127): Illuminate/Pipeline/Pipeline->Illuminate/Pipeline/{closure}()
#45 E:/Master_IFRI/STAGE/Conceptic.io/laravel-app/laravel-app/vendor/laravel/framework/src/Illuminate/Foundation/Http/Kernel.php(176): Illuminate/Pipeline/Pipeline->then()
#46 E:/Master_IFRI/STAGE/Conceptic.io/laravel-app/laravel-app/vendor/laravel/framework/src/Illuminate/Foundation/Http/Kernel.php(145): Illuminate/Foundation/Http/Kernel->sendRequestThroughRouter()
#47 E:/Master_IFRI/STAGE/Conceptic.io/laravel-app/laravel-app/vendor/laravel/framework/src/Illuminate/Foundation/Application.php(1220): Illuminate/Foundation/Http/Kernel->handle()
#48 E:/Master_IFRI/STAGE/Conceptic.io/laravel-app/laravel-app/public/index.php(17): Illuminate/Foundation/Application->handleRequest()
#49 E:/Master_IFRI/STAGE/Conceptic.io/laravel-app/laravel-app/vendor/laravel/framework/src/Illuminate/Foundation/resources/server.php(23): require_once('...')
#50 {main}
"} 
[2026-02-22 06:53:35] local.ERROR: View path not found. {"exception":"[object] (RuntimeException(code: 0): View path not found. at E:/Master_IFRI/STAGE/Conceptic.io/laravel-app/laravel-app/vendor/laravel/framework/src/Illuminate/Foundation/Console/ViewClearCommand.php:59)
[stacktrace]
#0 E:/Master_IFRI/STAGE/Conceptic.io/laravel-app/laravel-app/vendor/laravel/framework/src/Illuminate/Container/BoundMethod.php(36): Illuminate/Foundation/Console/ViewClearCommand->handle()
#1 E:/Master_IFRI/STAGE/Conceptic.io/laravel-app/laravel-app/vendor/laravel/framework/src/Illuminate/Container/Util.php(43): Illuminate/Container/BoundMethod::Illuminate/Container/{closure}()
#2 E:/Master_IFRI/STAGE/Conceptic.io/laravel-app/laravel-app/vendor/laravel/framework/src/Illuminate/Container/BoundMethod.php(95): Illuminate/Container/Util::unwrapIfClosure()
#3 E:/Master_IFRI/STAGE/Conceptic.io/laravel-app/laravel-app/vendor/laravel/framework/src/Illuminate/Container/BoundMethod.php(35): Illuminate/Container/BoundMethod::callBoundMethod()
#4 E:/Master_IFRI/STAGE/Conceptic.io/laravel-app/laravel-app/vendor/laravel/framework/src/Illuminate/Container/Container.php(696): Illuminate/Container/BoundMethod::call()
#5 E:/Master_IFRI/STAGE/Conceptic.io/laravel-app/laravel-app/vendor/laravel/framework/src/Illuminate/Console/Command.php(213): Illuminate/Container/Container->call()
#6 E:/Master_IFRI/STAGE/Conceptic.io/laravel-app/laravel-app/vendor/symfony/console/Command/Command.php(341): Illuminate/Console/Command->execute()
#7 E:/Master_IFRI/STAGE/Conceptic.io/laravel-app/laravel-app/vendor/laravel/framework/src/Illuminate/Console/Command.php(182): Symfony/Component/Console/Command/Command->run()
#8 E:/Master_IFRI/STAGE/Conceptic.io/laravel-app/laravel-app/vendor/symfony/console/Application.php(1102): Illuminate/Console/Command->run()
#9 E:/Master_IFRI/STAGE/Conceptic.io/laravel-app/laravel-app/vendor/symfony/console/Application.php(356): Symfony/Component/Console/Application->doRunCommand()
#10 E:/Master_IFRI/STAGE/Conceptic.io/laravel-app/laravel-app/vendor/symfony/console/Application.php(195): Symfony/Component/Console/Application->doRun()
#11 E:/Master_IFRI/STAGE/Conceptic.io/laravel-app/laravel-app/vendor/laravel/framework/src/Illuminate/Foundation/Console/Kernel.php(198): Symfony/Component/Console/Application->run()
#12 E:/Master_IFRI/STAGE/Conceptic.io/laravel-app/laravel-app/vendor/laravel/framework/src/Illuminate/Foundation/Application.php(1235): Illuminate/Foundation/Console/Kernel->handle()
#13 E:/Master_IFRI/STAGE/Conceptic.io/laravel-app/laravel-app/artisan(13): Illuminate/Foundation/Application->handleCommand()
#14 {main}
"} 
[2026-02-22 06:59:29] local.ERROR: Command "l5-swagger:generatephp" is not defined.

Did you mean one of these?
    key:generate
    l5-swagger:generate {"exception":"[object] (Symfony\\Component\\Console\\Exception\\CommandNotFoundException(code: 0): Command \"l5-swagger:generatephp\" is not defined.

Did you mean one of these?
    key:generate
    l5-swagger:generate at E:/Master_IFRI/STAGE/Conceptic.io/laravel-app/laravel-app/vendor/symfony/console/Application.php:759)
[stacktrace]
#0 E:/Master_IFRI/STAGE/Conceptic.io/laravel-app/laravel-app/vendor/symfony/console/Application.php(298): Symfony/Component/Console/Application->find()
#1 E:/Master_IFRI/STAGE/Conceptic.io/laravel-app/laravel-app/vendor/symfony/console/Application.php(195): Symfony/Component/Console/Application->doRun()
#2 E:/Master_IFRI/STAGE/Conceptic.io/laravel-app/laravel-app/vendor/laravel/framework/src/Illuminate/Foundation/Console/Kernel.php(198): Symfony/Component/Console/Application->run()
#3 E:/Master_IFRI/STAGE/Conceptic.io/laravel-app/laravel-app/vendor/laravel/framework/src/Illuminate/Foundation/Application.php(1235): Illuminate/Foundation/Console/Kernel->handle()
#4 E:/Master_IFRI/STAGE/Conceptic.io/laravel-app/laravel-app/artisan(13): Illuminate/Foundation/Application->handleCommand()
#5 {main}
"} 
[2026-02-22 06:59:38] local.ERROR: Command "l5-swagger:generatephp" is not defined.

Did you mean one of these?
    key:generate
    l5-swagger:generate {"exception":"[object] (Symfony\\Component\\Console\\Exception\\CommandNotFoundException(code: 0): Command \"l5-swagger:generatephp\" is not defined.

Did you mean one of these?
    key:generate
    l5-swagger:generate at E:/Master_IFRI/STAGE/Conceptic.io/laravel-app/laravel-app/vendor/symfony/console/Application.php:759)
[stacktrace]
#0 E:/Master_IFRI/STAGE/Conceptic.io/laravel-app/laravel-app/vendor/symfony/console/Application.php(298): Symfony/Component/Console/Application->find()
#1 E:/Master_IFRI/STAGE/Conceptic.io/laravel-app/laravel-app/vendor/symfony/console/Application.php(195): Symfony/Component/Console/Application->doRun()
#2 E:/Master_IFRI/STAGE/Conceptic.io/laravel-app/laravel-app/vendor/laravel/framework/src/Illuminate/Foundation/Console/Kernel.php(198): Symfony/Component/Console/Application->run()
#3 E:/Master_IFRI/STAGE/Conceptic.io/laravel-app/laravel-app/vendor/laravel/framework/src/Illuminate/Foundation/Application.php(1235): Illuminate/Foundation/Console/Kernel->handle()
#4 E:/Master_IFRI/STAGE/Conceptic.io/laravel-app/laravel-app/artisan(13): Illuminate/Foundation/Application->handleCommand()
#5 {main}
"} 
[2026-02-22 07:01:48] local.ERROR: ErrorException: Required @OA\PathItem() not found in E:\Master_IFRI\STAGE\Conceptic.io\laravel-app\laravel-app\vendor\zircote\swagger-php\src\Loggers\DefaultLogger.php:23
Stack trace:
#0 E:\Master_IFRI\STAGE\Conceptic.io\laravel-app\laravel-app\vendor\laravel\framework\src\Illuminate\Foundation\Bootstrap\HandleExceptions.php(258): Illuminate\Foundation\Bootstrap\HandleExceptions->handleError()
#1 [internal function]: Illuminate\Foundation\Bootstrap\HandleExceptions->Illuminate\Foundation\Bootstrap\{closure}()
#2 E:\Master_IFRI\STAGE\Conceptic.io\laravel-app\laravel-app\vendor\zircote\swagger-php\src\Loggers\DefaultLogger.php(23): trigger_error()
#3 E:\Master_IFRI\STAGE\Conceptic.io\laravel-app\laravel-app\vendor\psr\log\src\LoggerTrait.php(61): OpenApi\Loggers\DefaultLogger->log()
#4 E:\Master_IFRI\STAGE\Conceptic.io\laravel-app\laravel-app\vendor\zircote\swagger-php\src\Annotations\OpenApi.php(178): Psr\Log\AbstractLogger->warning()
#5 E:\Master_IFRI\STAGE\Conceptic.io\laravel-app\laravel-app\vendor\zircote\swagger-php\src\Analysis.php(392): OpenApi\Annotations\OpenApi->validate()
#6 E:\Master_IFRI\STAGE\Conceptic.io\laravel-app\laravel-app\vendor\zircote\swagger-php\src\Generator.php(408): OpenApi\Analysis->validate()
#7 E:\Master_IFRI\STAGE\Conceptic.io\laravel-app\laravel-app\vendor\darkaonline\l5-swagger\src\Generator.php(177): OpenApi\Generator->generate()
#8 E:\Master_IFRI\STAGE\Conceptic.io\laravel-app\laravel-app\vendor\darkaonline\l5-swagger\src\Generator.php(118): L5Swagger\Generator->scanFilesForDocumentation()
#9 E:\Master_IFRI\STAGE\Conceptic.io\laravel-app\laravel-app\vendor\darkaonline\l5-swagger\src\Http\Controllers\SwaggerController.php(53): L5Swagger\Generator->generateDocs()
#10 E:\Master_IFRI\STAGE\Conceptic.io\laravel-app\laravel-app\vendor\laravel\framework\src\Illuminate\Routing\Controller.php(54): L5Swagger\Http\Controllers\SwaggerController->docs()
#11 E:\Master_IFRI\STAGE\Conceptic.io\laravel-app\laravel-app\vendor\laravel\framework\src\Illuminate\Routing\ControllerDispatcher.php(44): Illuminate\Routing\Controller->callAction()
#12 E:\Master_IFRI\STAGE\Conceptic.io\laravel-app\laravel-app\vendor\laravel\framework\src\Illuminate\Routing\Route.php(266): Illuminate\Routing\ControllerDispatcher->dispatch()
#13 E:\Master_IFRI\STAGE\Conceptic.io\laravel-app\laravel-app\vendor\laravel\framework\src\Illuminate\Routing\Route.php(212): Illuminate\Routing\Route->runController()
#14 E:\Master_IFRI\STAGE\Conceptic.io\laravel-app\laravel-app\vendor\laravel\framework\src\Illuminate\Routing\Router.php(808): Illuminate\Routing\Route->run()
#15 E:\Master_IFRI\STAGE\Conceptic.io\laravel-app\laravel-app\vendor\laravel\framework\src\Illuminate\Pipeline\Pipeline.php(170): Illuminate\Routing\Router->Illuminate\Routing\{closure}()
#16 E:\Master_IFRI\STAGE\Conceptic.io\laravel-app\laravel-app\vendor\darkaonline\l5-swagger\src\Http\Middleware\Config.php(36): Illuminate\Pipeline\Pipeline->Illuminate\Pipeline\{closure}()
#17 E:\Master_IFRI\STAGE\Conceptic.io\laravel-app\laravel-app\vendor\laravel\framework\src\Illuminate\Pipeline\Pipeline.php(209): L5Swagger\Http\Middleware\Config->handle()
#18 E:\Master_IFRI\STAGE\Conceptic.io\laravel-app\laravel-app\vendor\laravel\framework\src\Illuminate\Pipeline\Pipeline.php(127): Illuminate\Pipeline\Pipeline->Illuminate\Pipeline\{closure}()
#19 E:\Master_IFRI\STAGE\Conceptic.io\laravel-app\laravel-app\vendor\laravel\framework\src\Illuminate\Routing\Router.php(807): Illuminate\Pipeline\Pipeline->then()
#20 E:\Master_IFRI\STAGE\Conceptic.io\laravel-app\laravel-app\vendor\laravel\framework\src\Illuminate\Routing\Router.php(786): Illuminate\Routing\Router->runRouteWithinStack()
#21 E:\Master_IFRI\STAGE\Conceptic.io\laravel-app\laravel-app\vendor\laravel\framework\src\Illuminate\Routing\Router.php(750): Illuminate\Routing\Router->runRoute()
#22 E:\Master_IFRI\STAGE\Conceptic.io\laravel-app\laravel-app\vendor\laravel\framework\src\Illuminate\Routing\Router.php(739): Illuminate\Routing\Router->dispatchToRoute()
#23 E:\Master_IFRI\STAGE\Conceptic.io\laravel-app\laravel-app\vendor\laravel\framework\src\Illuminate\Foundation\Http\Kernel.php(201): Illuminate\Routing\Router->dispatch()
#24 E:\Master_IFRI\STAGE\Conceptic.io\laravel-app\laravel-app\vendor\laravel\framework\src\Illuminate\Pipeline\Pipeline.php(170): Illuminate\Foundation\Http\Kernel->Illuminate\Foundation\Http\{closure}()
#25 E:\Master_IFRI\STAGE\Conceptic.io\laravel-app\laravel-app\vendor\laravel\framework\src\Illuminate\Foundation\Http\Middleware\TransformsRequest.php(21): Illuminate\Pipeline\Pipeline->Illuminate\Pipeline\{closure}()
#26 E:\Master_IFRI\STAGE\Conceptic.io\laravel-app\laravel-app\vendor\laravel\framework\src\Illuminate\Foundation\Http\Middleware\ConvertEmptyStringsToNull.php(31): Illuminate\Foundation\Http\Middleware\TransformsRequest->handle()
#27 E:\Master_IFRI\STAGE\Conceptic.io\laravel-app\laravel-app\vendor\laravel\framework\src\Illuminate\Pipeline\Pipeline.php(209): Illuminate\Foundation\Http\Middleware\ConvertEmptyStringsToNull->handle()
#28 E:\Master_IFRI\STAGE\Conceptic.io\laravel-app\laravel-app\vendor\laravel\framework\src\Illuminate\Foundation\Http\Middleware\TransformsRequest.php(21): Illuminate\Pipeline\Pipeline->Illuminate\Pipeline\{closure}()
#29 E:\Master_IFRI\STAGE\Conceptic.io\laravel-app\laravel-app\vendor\laravel\framework\src\Illuminate\Foundation\Http\Middleware\TrimStrings.php(51): Illuminate\Foundation\Http\Middleware\TransformsRequest->handle()
#30 E:\Master_IFRI\STAGE\Conceptic.io\laravel-app\laravel-app\vendor\laravel\framework\src\Illuminate\Pipeline\Pipeline.php(209): Illuminate\Foundation\Http\Middleware\TrimStrings->handle()
#31 E:\Master_IFRI\STAGE\Conceptic.io\laravel-app\laravel-app\vendor\laravel\framework\src\Illuminate\Http\Middleware\ValidatePostSize.php(27): Illuminate\Pipeline\Pipeline->Illuminate\Pipeline\{closure}()
#32 E:\Master_IFRI\STAGE\Conceptic.io\laravel-app\laravel-app\vendor\laravel\framework\src\Illuminate\Pipeline\Pipeline.php(209): Illuminate\Http\Middleware\ValidatePostSize->handle()
#33 E:\Master_IFRI\STAGE\Conceptic.io\laravel-app\laravel-app\vendor\laravel\framework\src\Illuminate\Foundation\Http\Middleware\PreventRequestsDuringMaintenance.php(110): Illuminate\Pipeline\Pipeline->Illuminate\Pipeline\{closure}()
#34 E:\Master_IFRI\STAGE\Conceptic.io\laravel-app\laravel-app\vendor\laravel\framework\src\Illuminate\Pipeline\Pipeline.php(209): Illuminate\Foundation\Http\Middleware\PreventRequestsDuringMaintenance->handle()
#35 E:\Master_IFRI\STAGE\Conceptic.io\laravel-app\laravel-app\vendor\laravel\framework\src\Illuminate\Http\Middleware\HandleCors.php(49): Illuminate\Pipeline\Pipeline->Illuminate\Pipeline\{closure}()
#36 E:\Master_IFRI\STAGE\Conceptic.io\laravel-app\laravel-app\vendor\laravel\framework\src\Illuminate\Pipeline\Pipeline.php(209): Illuminate\Http\Middleware\HandleCors->handle()
#37 E:\Master_IFRI\STAGE\Conceptic.io\laravel-app\laravel-app\vendor\laravel\framework\src\Illuminate\Http\Middleware\TrustProxies.php(58): Illuminate\Pipeline\Pipeline->Illuminate\Pipeline\{closure}()
#38 E:\Master_IFRI\STAGE\Conceptic.io\laravel-app\laravel-app\vendor\laravel\framework\src\Illuminate\Pipeline\Pipeline.php(209): Illuminate\Http\Middleware\TrustProxies->handle()
#39 E:\Master_IFRI\STAGE\Conceptic.io\laravel-app\laravel-app\vendor\laravel\framework\src\Illuminate\Foundation\Http\Middleware\InvokeDeferredCallbacks.php(22): Illuminate\Pipeline\Pipeline->Illuminate\Pipeline\{closure}()
#40 E:\Master_IFRI\STAGE\Conceptic.io\laravel-app\laravel-app\vendor\laravel\framework\src\Illuminate\Pipeline\Pipeline.php(209): Illuminate\Foundation\Http\Middleware\InvokeDeferredCallbacks->handle()
#41 E:\Master_IFRI\STAGE\Conceptic.io\laravel-app\laravel-app\vendor\laravel\framework\src\Illuminate\Pipeline\Pipeline.php(127): Illuminate\Pipeline\Pipeline->Illuminate\Pipeline\{closure}()
#42 E:\Master_IFRI\STAGE\Conceptic.io\laravel-app\laravel-app\vendor\laravel\framework\src\Illuminate\Foundation\Http\Kernel.php(176): Illuminate\Pipeline\Pipeline->then()
#43 E:\Master_IFRI\STAGE\Conceptic.io\laravel-app\laravel-app\vendor\laravel\framework\src\Illuminate\Foundation\Http\Kernel.php(145): Illuminate\Foundation\Http\Kernel->sendRequestThroughRouter()
#44 E:\Master_IFRI\STAGE\Conceptic.io\laravel-app\laravel-app\vendor\laravel\framework\src\Illuminate\Foundation\Application.php(1220): Illuminate\Foundation\Http\Kernel->handle()
#45 E:\Master_IFRI\STAGE\Conceptic.io\laravel-app\laravel-app\public\index.php(17): Illuminate\Foundation\Application->handleRequest()
#46 E:\Master_IFRI\STAGE\Conceptic.io\laravel-app\laravel-app\vendor\laravel\framework\src\Illuminate\Foundation\resources\server.php(23): require_once('...')
#47 {main}  
[2026-02-22 20:39:13] local.ERROR: Maximum execution time of 30 seconds exceeded {"exception":"[object] (Symfony\\Component\\ErrorHandler\\Error\\FatalError(code: 0): Maximum execution time of 30 seconds exceeded at E:/Master_IFRI/STAGE/Conceptic.io/laravel-app/laravel-app/vendor/composer/ClassLoader.php:429)
[stacktrace]
#0 {main}
"} 
